// Jest Snapshot v1, https://goo.gl/fbAQLP

exports[`Should match snapshot 1`] = `
<DocumentFragment>
  <div
    style="position: fixed; top: 50%; left: 50%; transform: translate(-50%, -50%); text-align: center;"
  >
    <div
      class="ant-space ant-space-vertical"
    >
      <div
        class="ant-space-item"
        style="margin-bottom: 8px;"
      >
        <div
          aria-busy="true"
          aria-live="polite"
          class="ant-spin ant-spin-lg ant-spin-spinning"
        >
          <span
            class="ant-spin-dot ant-spin-dot-spin"
          >
            <i
              class="ant-spin-dot-item"
            />
            <i
              class="ant-spin-dot-item"
            />
            <i
              class="ant-spin-dot-item"
            />
            <i
              class="ant-spin-dot-item"
            />
          </span>
        </div>
      </div>
      <div
        class="ant-space-item"
      >
        <span
          class="ant-typography"
        >
          <code>
            Connecting to a Topos subnet node at 
          </code>
        </span>
      </div>
    </div>
  </div>
</DocumentFragment>
`;
